// Jest Snapshot v1, https://goo.gl/fbAQLP

exports[`<Courses /> 1`] = `
<div
  className="css-m5hsxh"
>
  <div
    className="css-mzeyh"
  >
    <div
      className="css-1u9fuhx"
    >
      <button
        aria-controls="menu-1"
        aria-expanded={false}
        aria-haspopup="menu"
        className="css-wk9st5"
        id="menubutton-2"
        onClick={[Function]}
        onKeyDown={[Function]}
        role="button"
        type="button"
      >
        <svg
          aria-hidden={true}
          className="css-thzv76"
          fill="currentColor"
          focusable="false"
          height="1em"
          stroke="currentColor"
          strokeWidth="0"
          style={
            Object {
              "color": undefined,
            }
          }
          viewBox="0 0 512 512"
          width="1em"
          xmlns="http://www.w3.org/2000/svg"
        >
          <path
            d="M32 96v64h448V96H32zm0 128v64h448v-64H32zm0 128v64h448v-64H32z"
          />
        </svg>
      </button>
    </div>
    <div
      className="css-1qd02q1"
    >
      <p
        className="css-19i5rf8"
      >
        Courses
      </p>
    </div>
    <div
      className="css-1evpibw"
    >
      <div
        className="css-9jn3o8"
      >
        <div
          className="css-yh0f2e"
        >
          <div
            className="css-1lads1q"
          >
            <div
              className="css-aetr73"
            >
              <div
                className="css-k6882c"
              >
                <svg
                  className="css-1xb1rov"
                  focusable={false}
                  role="presentation"
                  viewBox="0 0 24 24"
                >
                  <path
                    d="M23.384,21.619,16.855,15.09a9.284,9.284,0,1,0-1.768,1.768l6.529,6.529a1.266,1.266,0,0,0,1.768,0A1.251,1.251,0,0,0,23.384,21.619ZM2.75,9.5a6.75,6.75,0,1,1,6.75,6.75A6.758,6.758,0,0,1,2.75,9.5Z"
                    fill="currentColor"
                  />
                </svg>
              </div>
              <input
                className="css-n5gi9c"
                onChange={[Function]}
                placeholder="Search Courses"
                type="search"
                value=""
              />
            </div>
          </div>
        </div>
      </div>
      <div
        className="css-jeup5m"
      >
        <button
          className="css-jyhka6"
          onClick={[Function]}
          type="button"
        >
          <p
            className="css-168qb02"
          >
            + Add Course
          </p>
        </button>
        <button
          className="css-vvaeh6"
          onClick={[Function]}
          type="button"
        >
          <p
            className="css-17tlezs"
          >
            + Create From Uni API
          </p>
        </button>
      </div>
    </div>
    <div
      className="css-nc95w2"
    >
      <p>
         No Courses Found
      </p>
    </div>
  </div>
  <hr
    aria-orientation="vertical"
    className="css-lcuxz7"
  />
  <div
    className="css-mzeyh"
  >
    <div
      className="css-j7qwjs"
    >
      <div
        className="css-16k3ty1"
      >
        <div
          className="css-1bvc4cc"
        >
          <div
            className="css-k008qs"
          >
            <button
              aria-controls="menu-4"
              aria-expanded={false}
              aria-haspopup="menu"
              className="css-992tcj"
              id="menubutton-5"
              onClick={[Function]}
              onKeyDown={[Function]}
              role="button"
            >
              <svg
                className="css-11orafl"
                fill="currentColor"
                height="1em"
                stroke="currentColor"
                strokeWidth="0"
                style={
                  Object {
                    "color": undefined,
                  }
                }
                type="button"
                viewBox="0 0 24 24"
                width="1em"
                xmlns="http://www.w3.org/2000/svg"
              >
                <path
                  d="M12 10c-1.1 0-2 .9-2 2s.9 2 2 2 2-.9 2-2S13.1 10 12 10zM18 10c-1.1 0-2 .9-2 2s.9 2 2 2 2-.9 2-2S19.1 10 18 10zM6 10c-1.1 0-2 .9-2 2s.9 2 2 2 2-.9 2-2S7.1 10 6 10z"
                />
              </svg>
            </button>
          </div>
        </div>
        <div
          className="css-0"
        >
          <p
            className="css-12gj9wb"
          >
            Code
          </p>
          <p
            className="css-fzcsno"
          >
            
          </p>
          <hr
            className="css-3a2cqr"
          />
        </div>
        <div
          className="css-0"
        >
          <p
            className="css-12gj9wb"
          >
            Name
          </p>
          <p
            className="css-fzcsno"
          >
            
          </p>
          <hr
            className="css-3a2cqr"
          />
        </div>
        <div
          className="css-0"
        >
          <p
            className="css-12gj9wb"
          >
            Description
          </p>
          <p
            className="css-fzcsno"
          >
            
          </p>
          <hr
            className="css-3a2cqr"
          />
        </div>
        <div
          className="css-1md4put"
        >
          <div
            className="css-j7qwjs"
          >
            <p
              className="css-12gj9wb"
            >
              Semester:
            </p>
            <p
              className="css-mi3416"
            >
              
            </p>
          </div>
          <div
            className="css-j7qwjs"
          >
            <p
              className="css-12gj9wb"
            >
              Points:
            </p>
            <p
              className="css-mi3416"
            >
              15
            </p>
          </div>
        </div>
        <div
          className="css-15ruxe8"
        />
      </div>
      <div
        className="css-13v6rjs"
      >
        <div
          className="css-1y73rl6"
        >
          <div
            className="css-rx5yp6"
          >
            <div
              className="css-1ofqig9"
            >
              <button
                className="css-132lga7"
                onClick={[Function]}
                type="button"
              >
                <p
                  className="css-17tlezs"
                >
                  Add 
                  Prerequisites
                </p>
              </button>
            </div>
          </div>
          <div
            className="css-rx5yp6"
          >
            <div
              className="css-1ofqig9"
            >
              <button
                className="css-132lga7"
                onClick={[Function]}
                type="button"
              >
                <p
                  className="css-17tlezs"
                >
                  Add 
                  Corequisites
                </p>
              </button>
            </div>
          </div>
          <div
            className="css-rx5yp6"
          >
            <div
              className="css-1ofqig9"
            >
              <button
                className="css-132lga7"
                onClick={[Function]}
                type="button"
              >
                <p
                  className="css-17tlezs"
                >
                  Add 
                  Restrictions
                </p>
              </button>
            </div>
          </div>
          <div
            className="css-rx5yp6"
          >
            <div
              className="css-1ofqig9"
            >
              <button
                className="css-132lga7"
                onClick={[Function]}
                type="button"
              >
                <p
                  className="css-17tlezs"
                >
                  Add 
                  InformalEquivalents
                </p>
              </button>
            </div>
          </div>
        </div>
      </div>
    </div>
  </div>
</div>
`;
